\BOOKMARK [1][-]{section.1}{\376\377\000I\000n\000t\000r\000o\000d\000u\000z\000i\000o\000n\000e}{}% 1
\BOOKMARK [1][-]{section.2}{\376\377\000C\000o\000m\000e\000\040\000s\000i\000\040\000a\000c\000c\000e\000d\000e\000\040\000a\000l\000\040\000p\000o\000r\000t\000a\000l\000e}{}% 2
\BOOKMARK [1][-]{section.3}{\376\377\000R\000u\000o\000l\000i\000\040\000e\000\040\000p\000e\000r\000m\000e\000s\000s\000i}{}% 3
\BOOKMARK [1][-]{section.4}{\376\377\000A\000r\000e\000a\000\040\000p\000u\000b\000b\000l\000i\000c\000a\000\040\000\050\000s\000e\000n\000z\000a\000\040\000l\000o\000g\000i\000n\000\051}{}% 4
\BOOKMARK [2][-]{subsection.4.1}{\376\377\000H\000o\000m\000e\000\040\000p\000a\000g\000e\000\040\000d\000i\000\040\000s\000e\000l\000e\000z\000i\000o\000n\000e\000\040\000c\000o\000r\000o\000\040\000\050\000/\000i\000n\000d\000e\000x\000.\000h\000t\000m\000l\000\051}{section.4}% 5
\BOOKMARK [2][-]{subsection.4.2}{\376\377\000R\000e\000p\000e\000r\000t\000o\000r\000i\000o\000\040\000c\000a\000n\000t\000i\000\040\000\050\000/\000c\000a\000n\000t\000i\000.\000h\000t\000m\000l\000\051}{section.4}% 6
\BOOKMARK [2][-]{subsection.4.3}{\376\377\000R\000i\000c\000h\000i\000e\000s\000t\000a\000\040\000d\000i\000\040\000u\000n\000\040\000n\000u\000o\000v\000o\000\040\000c\000a\000n\000t\000o\000\040\000\050\000/\000p\000o\000r\000t\000a\000l\000e\000/\000a\000g\000g\000i\000u\000n\000g\000i\000-\000c\000a\000n\000t\000o\000.\000h\000t\000m\000l\000\051}{section.4}% 7
\BOOKMARK [1][-]{section.5}{\376\377\000A\000r\000e\000a\000\040\000r\000i\000s\000e\000r\000v\000a\000t\000a\000\040\000\050\000/\000p\000o\000r\000t\000a\000l\000e\000\051}{}% 8
\BOOKMARK [2][-]{subsection.5.1}{\376\377\000P\000r\000o\000f\000i\000l\000o\000\040\000p\000e\000r\000s\000o\000n\000a\000l\000e\000\040\000\050\000/\000p\000o\000r\000t\000a\000l\000e\000/\000p\000r\000o\000f\000i\000l\000o\000.\000h\000t\000m\000l\000\051}{section.5}% 9
\BOOKMARK [2][-]{subsection.5.2}{\376\377\000B\000a\000c\000h\000e\000c\000a\000\040\000a\000v\000v\000i\000s\000i\000\040\000\050\000/\000p\000o\000r\000t\000a\000l\000e\000/\000b\000a\000c\000h\000e\000c\000a\000.\000h\000t\000m\000l\000\051}{section.5}% 10
\BOOKMARK [2][-]{subsection.5.3}{\376\377\000C\000a\000l\000e\000n\000d\000a\000r\000i\000o\000\040\000\050\000/\000p\000o\000r\000t\000a\000l\000e\000/\000c\000a\000l\000e\000n\000d\000a\000r\000i\000o\000.\000h\000t\000m\000l\000\051}{section.5}% 11
\BOOKMARK [2][-]{subsection.5.4}{\376\377\000P\000r\000e\000s\000e\000n\000z\000e\000\040\000\050\000/\000p\000o\000r\000t\000a\000l\000e\000/\000p\000r\000e\000s\000e\000n\000z\000e\000.\000h\000t\000m\000l\000\051}{section.5}% 12
\BOOKMARK [1][-]{section.6}{\376\377\000F\000u\000n\000z\000i\000o\000n\000a\000l\000i\000t\000\340\000\040\000p\000e\000r\000\040\000a\000m\000m\000i\000n\000i\000s\000t\000r\000a\000t\000o\000r\000i\000,\000\040\000d\000i\000r\000e\000t\000t\000o\000r\000i\000\040\000e\000\040\000r\000e\000s\000p\000o\000n\000s\000a\000b\000i\000l\000i}{}% 13
\BOOKMARK [2][-]{subsection.6.1}{\376\377\000R\000e\000g\000i\000s\000t\000r\000o\000\040\000p\000r\000e\000s\000e\000n\000z\000e\000\040\000\050\000/\000p\000o\000r\000t\000a\000l\000e\000/\000r\000e\000g\000i\000s\000t\000r\000o\000.\000h\000t\000m\000l\000\051}{section.6}% 14
\BOOKMARK [2][-]{subsection.6.2}{\376\377\000G\000e\000s\000t\000i\000o\000n\000e\000\040\000u\000t\000e\000n\000t\000i\000\040\000\050\000/\000p\000o\000r\000t\000a\000l\000e\000/\000u\000t\000e\000n\000t\000i\000.\000h\000t\000m\000l\000\051}{section.6}% 15
\BOOKMARK [2][-]{subsection.6.3}{\376\377\000G\000e\000s\000t\000i\000o\000n\000e\000\040\000c\000a\000n\000t\000i\000\040\000\050\000/\000p\000o\000r\000t\000a\000l\000e\000/\000c\000a\000n\000t\000i\000-\000a\000d\000m\000i\000n\000.\000h\000t\000m\000l\000\051}{section.6}% 16
\BOOKMARK [2][-]{subsection.6.4}{\376\377\000R\000i\000c\000h\000i\000e\000s\000t\000a\000\040\000n\000u\000o\000v\000i\000\040\000c\000a\000n\000t\000i\000\040\000\050\000v\000e\000r\000s\000i\000o\000n\000e\000\040\000a\000d\000m\000i\000n\000\051}{section.6}% 17
\BOOKMARK [1][-]{section.7}{\376\377\000S\000u\000g\000g\000e\000r\000i\000m\000e\000n\000t\000i\000\040\000p\000e\000r\000\040\000l\000'\000u\000s\000o\000\040\000q\000u\000o\000t\000i\000d\000i\000a\000n\000o}{}% 18
\BOOKMARK [1][-]{section.8}{\376\377\000D\000e\000s\000i\000g\000n\000\040\000e\000\040\000a\000c\000c\000e\000s\000s\000i\000b\000i\000l\000i\000t\000\340}{}% 19
\BOOKMARK [1][-]{section.9}{\376\377\000N\000o\000t\000e\000\040\000t\000e\000c\000n\000i\000c\000h\000e\000\040\000p\000e\000r\000\040\000g\000l\000i\000\040\000u\000t\000e\000n\000t\000i\000\040\000a\000v\000a\000n\000z\000a\000t\000i}{}% 20
\BOOKMARK [1][-]{section.10}{\376\377\000C\000o\000n\000t\000a\000t\000t\000i\000\040\000e\000\040\000s\000u\000p\000p\000o\000r\000t\000o}{}% 21
